// Jest Snapshot v1, https://goo.gl/fbAQLP

exports[`<CircleButton /> should render component 1`] = `
ShallowWrapper {
  "length": 1,
  Symbol(enzyme.__root__): [Circular],
  Symbol(enzyme.__unrendered__): <styled.button
    backgroundColor="red"
    color="white"
    fontSize="24px"
    size="75px"
  />,
  Symbol(enzyme.__renderer__): Object {
    "batchedUpdates": [Function],
    "getNode": [Function],
    "render": [Function],
    "simulateEvent": [Function],
    "unmount": [Function],
  },
  Symbol(enzyme.__node__): Object {
    "instance": null,
    "key": undefined,
    "nodeType": "host",
    "props": Object {
      "className": "sc-bdVaJa fzLuEn",
      "color": "white",
      "fontSize": "24px",
      "size": "75px",
    },
    "ref": null,
    "rendered": null,
    "type": "button",
  },
  Symbol(enzyme.__nodes__): Array [
    Object {
      "instance": null,
      "key": undefined,
      "nodeType": "host",
      "props": Object {
        "className": "sc-bdVaJa fzLuEn",
        "color": "white",
        "fontSize": "24px",
        "size": "75px",
      },
      "ref": null,
      "rendered": null,
      "type": "button",
    },
  ],
  Symbol(enzyme.__options__): Object {
    "adapter": ReactSixteenAdapter {
      "options": Object {
        "enableComponentDidUpdateOnSetState": true,
      },
    },
  },
}
`;
