// Jest Snapshot v1, https://goo.gl/fbAQLP

exports[`<Card /> should render component 1`] = `
ShallowWrapper {
  "length": 1,
  Symbol(enzyme.__root__): [Circular],
  Symbol(enzyme.__unrendered__): <Card
    description=""
    image=""
    title=""
  />,
  Symbol(enzyme.__renderer__): Object {
    "batchedUpdates": [Function],
    "getNode": [Function],
    "render": [Function],
    "simulateEvent": [Function],
    "unmount": [Function],
  },
  Symbol(enzyme.__node__): Object {
    "instance": null,
    "key": undefined,
    "nodeType": "class",
    "props": Object {
      "children": Array [
        <styled.div
          image=""
        >
          
        </styled.div>,
        <styled.div>
          
        </styled.div>,
        undefined,
      ],
      "onMouseEnter": [Function],
      "onMouseLeave": [Function],
    },
    "ref": null,
    "rendered": Array [
      Object {
        "instance": null,
        "key": undefined,
        "nodeType": "class",
        "props": Object {
          "children": "",
          "image": "",
        },
        "ref": null,
        "rendered": "",
        "type": [Function],
      },
      Object {
        "instance": null,
        "key": undefined,
        "nodeType": "class",
        "props": Object {
          "children": "",
        },
        "ref": null,
        "rendered": "",
        "type": [Function],
      },
      undefined,
    ],
    "type": [Function],
  },
  Symbol(enzyme.__nodes__): Array [
    Object {
      "instance": null,
      "key": undefined,
      "nodeType": "class",
      "props": Object {
        "children": Array [
          <styled.div
            image=""
          >
            
          </styled.div>,
          <styled.div>
            
          </styled.div>,
          undefined,
        ],
        "onMouseEnter": [Function],
        "onMouseLeave": [Function],
      },
      "ref": null,
      "rendered": Array [
        Object {
          "instance": null,
          "key": undefined,
          "nodeType": "class",
          "props": Object {
            "children": "",
            "image": "",
          },
          "ref": null,
          "rendered": "",
          "type": [Function],
        },
        Object {
          "instance": null,
          "key": undefined,
          "nodeType": "class",
          "props": Object {
            "children": "",
          },
          "ref": null,
          "rendered": "",
          "type": [Function],
        },
        undefined,
      ],
      "type": [Function],
    },
  ],
  Symbol(enzyme.__options__): Object {
    "adapter": ReactSixteenAdapter {
      "options": Object {
        "enableComponentDidUpdateOnSetState": true,
      },
    },
  },
}
`;
